------------------------------------------------------------
-------- The EZLANG Interpreter V.1.3.3.7 ------------------
------------------------------------------------------------

λ [0] 5
λ [1] 5
λ [2] 30
λ [3] unbound variable: quit
λ [4] Goodbye.
